C166/ST10 linker/locator v7.5 r2        SN00123412-183 (c) 2001 TASKING, Inc.           Date: Jan 31 2007  Time: 23:03:31  Page:   1
patch

Memory map     : 

Name                        No. Start      End        Length  Type Algn Comb Mem T Group           Class             Module        
------------------------------------------------------------------------------------------------------------------------------------
Reserved................... ... 00EE00h    00EEFFh    000100h .... .... .... ... ................. ................. ..............
Reserved................... ... 00EF00h    00EFFFh    000100h .... .... .... ... ................. ................. ..............
Extended SFR Area.......... ... 00F000h    00F1FFh    000200h .... .... .... RAM ................. ................. ..............
Reg. bank 0................ ... 00F200h    00F21Fh    000020h .... WORD .... RAM ................. ................. ..............
C166_US....................   3 00F220h    00F381h    000162h DATA WORD GUSK RAM ................. CUSTACK.......... SIM_ACCESS_C..
                                                                                                                     A3A8_C........
                                                                                                                     MENU_C........
System Stack............... ... 00FA00h    00FBFFh    000200h .... .... .... RAM ................. ................. ..............
SFR Area................... ... 00FE00h    00FFFFh    000200h .... .... .... RAM ................. ................. ..............
__CSTART_MY................   0 BFCB00h    BFCD8Fh    000290h CODE WORD GLOB ROM ................. CMYINIT.......... XCSTART.......
SIM_ACCESS_1_FC............   1 BFCD90h    BFCD9Fh    000010h DATA WORD GLOB ROM ................. CFARROM.......... SIM_ACCESS_C..
SIM_ACCESS_2_PR............   2 BFCDA0h    BFD395h    0005F6h CODE WORD GLOB ROM ................. CPROGRAM......... SIM_ACCESS_C..
A3A8_1_FC..................   4 BFD396h    BFD789h    0003F4h DATA WORD GLOB ROM ................. CFARROM.......... A3A8_C........
A3A8_2_PR..................   5 BFD78Ah    BFD9CFh    000246h CODE WORD GLOB ROM ................. CPROGRAM......... A3A8_C........
MENU_1_FC..................   6 BFD9D0h    BFDA18h    000049h DATA WORD GLOB ROM ................. CFARROM.......... MENU_C........
MENU_2_PR..................   7 BFDA1Ah    BFDE75h    00045Ch CODE WORD GLOB ROM ................. CPROGRAM......... MENU_C........
MENU_3_CO..................   8 BFDE76h    BFDE83h    00000Eh DATA WORD GLOB ROM ................. CROM............. MENU_C........
SLCKOSFUNC_1_PR............   9 BFDE84h    BFDE93h    000010h CODE WORD GLOB ROM ................. CPROGRAM......... SLCKOSFUNC_C..
SLCKOSFUNC_2_FC............  10 BFDE94h    BFDEF3h    000060h DATA WORD GLOB ROM ................. CFARROM.......... SLCKOSFUNC_C..
__ICALL....................  11 BFDEF4h    BFDEF9h    000006h CODE WORD COMM ROM ................. SHAREDRTLIB...... ICALL.........


Error report   : total errors: 0, warnings: 0
